
16-10-31 12:11:03 PDOException Ошибка подключения к БД
16-10-31 12:11:07 PDOException Ошибка подключения к БД
16-10-31 12:11:08 PDOException Ошибка подключения к БД
16-10-31 12:11:08 PDOException Ошибка подключения к БД
16-10-31 12:11:22 App\Error404 Ошибка 404 - не найдено
16-10-31 12:11:23 App\Error404 Ошибка 404 - не найдено
16-10-31 12:11:24 App\Error404 Ошибка 404 - не найдено
16-10-31 12:35:54 PDOException Ошибка запроса к БД
16-10-31 12:36:04 PDOException Ошибка запроса к БД
16-10-31 12:46:27 PDOException Ошибка запроса к БД
16-10-31 12:46:38 PDOException Ошибка запроса к БД
16-10-31 12:48:07 PDOException Ошибка запроса к БД
16-10-31 12:48:10 PDOException Ошибка запроса к БД
16-10-31 13:09:05 PDOException Ошибка запроса к БД
16-10-31 13:11:32 PDOException Ошибка запроса к БД
16-10-31 13:14:52 PDOException Ошибка запроса к БД
16-10-31 13:15:46 PDOException Ошибка запроса к БД
16-10-31 13:18:58 PDOException Ошибка запроса к БД
16-10-31 13:20:15 PDOException Ошибка запроса к БД
16-10-31 13:31:18 PDOException Ошибка запроса к БД
16-11-02 7:01:45 App\Error404 Ошибка 404 - не найдено
16-11-02 7:01:47 App\Error404 Ошибка 404 - не найдено
16-11-02 7:05:42 App\Error404 Ошибка 404 - не найдено
16-11-02 7:05:44 App\Error404 Ошибка 404 - не найдено
16-11-02 7:09:12 App\Error404 Ошибка 404 - не найдено
16-11-02 7:09:14 App\Error404 Ошибка 404 - не найдено
16-11-02 7:09:14 App\Error404 Ошибка 404 - не найдено
16-11-02 7:09:15 App\Error404 Ошибка 404 - не найдено
16-11-02 7:09:15 App\Error404 Ошибка 404 - не найдено
16-11-02 7:09:15 App\Error404 Ошибка 404 - не найдено
16-11-02 7:09:15 App\Error404 Ошибка 404 - не найдено
16-11-02 7:09:28 App\Error404 Ошибка 404 - не найдено
16-11-02 7:09:28 PDOException Ошибка подключения к БД
16-11-02 7:09:29 PDOException Ошибка подключения к БД
16-11-02 7:09:29 PDOException Ошибка подключения к БД
16-11-02 7:09:32 App\Error404 Ошибка 404 - не найдено
16-11-02 7:09:33 App\Error404 Ошибка 404 - не найдено
17-09-30 22:21:46 PDOException Ошибка подключения к БД
17-09-30 22:22:37 PDOException Ошибка запроса к БД
17-09-30 22:25:26 PDOException Ошибка запроса к БД
17-09-30 22:25:28 PDOException Ошибка запроса к БД
17-09-30 22:25:45 Twig_Error_Runtime An exception has been thrown during the rendering of a template ("Ошибка запроса к БД").
17-09-30 22:26:40 PDOException Ошибка запроса к БД
